// Jest Snapshot v1, https://goo.gl/fbAQLP

exports[`App component renders the App component and matches snapshot 1`] = `
<DocumentFragment>
  <div>
    <div>
      Loading...
    </div>
  </div>
</DocumentFragment>
`;
